(agda2-status-action "")
(agda2-info-action "*Type-checking*" "" nil)
(agda2-highlight-clear)
(agda2-status-action "")
(agda2-info-action "*All Goals, Errors*" "?0 : Alg _Ψ_537 _X_538 ?1 : _Ω_536 ⇛[ _f_539 ] _Ψ_537 ?2 : ⟦ _Ω_536 ⟧ (_X_538 ∘ _f_539) _x_542 _I_534 : Set [ at Issue1365.agda:165,37-43 ] _J_535 : Set [ at Issue1365.agda:165,37-43 ] _Ω_536 : Sig _I_534 [ at Issue1365.agda:165,37-43 ] _Ψ_537 : Sig _J_535 [ at Issue1365.agda:165,37-43 ] _X_538 : Pow _J_535 [ at Issue1365.agda:165,37-43 ] _f_539 : _I_534 → _J_535 [ at Issue1365.agda:165,37-43 ] _x_542 : _I_534 [ at Issue1365.agda:165,37-59 ] ———— Errors ———————————————————————————————————————————————— Failed to solve the following constraints: _X_538 (_f_539 _x_542) =< μ (Ω″ ⋆^C W) (proj₂ (f i)) " nil)
((last . 1) . (agda2-goals-action '(0 1 2)))
(agda2-info-action "*Error*" "Issue1365.agda:165,37-64 _V_549 _proj₁_573 → (((λ o → Parameter Ω″ o) ◃ (λ {o} → Arity Ω″) / (λ {o} → input Ω″)) ⋆ (λ z → W z)) _proj₂_574 !=< μ (Ω″ ⋆^C W) (proj₂ (f i)) when checking that the expression weaken ? ? ? has type proj₂ (f i) ∈ (Ω″ ⋆ W)" nil)
((last . 3) . (agda2-maybe-goto '("Issue1365.agda" . 4948)))
(agda2-highlight-load-and-delete-action)
(agda2-status-action "")
(agda2-info-action "*Error*" "Issue1365.agda:165,37-64 _V_549 _proj₁_573 → (((λ o → Parameter Ω″ o) ◃ (λ {o} → Arity Ω″) / (λ {o} → input Ω″)) ⋆ (λ z → W z)) _proj₂_574 !=< μ (Ω″ ⋆^C W) (proj₂ (f i)) when checking that the expression weaken ? ? ? has type proj₂ (f i) ∈ (Ω″ ⋆ W)" nil)
((last . 3) . (agda2-maybe-goto '("Issue1365.agda" . 4948)))
(agda2-highlight-load-and-delete-action)
(agda2-status-action "")
