(agda2-status-action "")
(agda2-info-action "*Type-checking*" "" nil)
(agda2-highlight-clear)
(agda2-status-action "")
(agda2-info-action "*All Goals*" "?0 : P ⟨ x ⟩ ?1 : P (id ⟨ x ⟩) ?2 : P (R.g r ⟨ x ⟩) " nil)
((last . 1) . (agda2-goals-action '(0 1 2)))
