(agda2-status-action "")
(agda2-info-action "*Type-checking*" "" nil)
(agda2-highlight-clear)
(agda2-status-action "")
(agda2-info-action "*All Goals, Errors*" "?0 : X ?1 : P (f i c) ?2 : D ∞ _25 : Q (f ∞ ?2) (h ∞ ?2) [ at Issue2881.agda:21,22-23 ] ———— Errors ———————————————————————————————————————————————— Failed to solve the following constraints: f ∞ ?2 = f ∞ n : X h ∞ ?2 = h ∞ n : P (f ∞ ?2) " nil)
((last . 1) . (agda2-goals-action '(0 1 2)))
(agda2-status-action "")
(agda2-info-action "*Constraints*" "f ∞ ?2 = f ∞ n : X (problems 51, 52) h ∞ ?2 = h ∞ n : P (f _23 _24) (problem 51) _26 := λ n → _25 (n = n) (blocked by problem 51) _24 := λ n → ?2 (n = n) (blocked by problem 52) (problem 51) _23 := λ n → ∞ (blocked by problem 52) (problem 51)" nil)
